[backblue.gif]
[fade.gif]
[index.html]
[demos.codexcoder.com/labartisan/html/all-study/images/favicon.png]
[demos.codexcoder.com/labartisan/html/all-study/images/logo.png]
[demos.codexcoder.com/labartisan/html/all-study/images/product/menu_cart_01.jpg]
[demos.codexcoder.com/labartisan/html/all-study/images/product/menu_cart_02.jpg]
[demos.codexcoder.com/labartisan/html/all-study/images/product/menu_cart_03.jpg]
[demos.codexcoder.com/labartisan/html/all-study/images/courses/course_01.jpg]
[demos.codexcoder.com/labartisan/html/all-study/images/courses/course_02.jpg]
[demos.codexcoder.com/labartisan/html/all-study/images/courses/course_03.jpg]
[demos.codexcoder.com/labartisan/html/all-study/images/courses/course_04.jpg]
[demos.codexcoder.com/labartisan/html/all-study/images/courses/course_05.jpg]
[demos.codexcoder.com/labartisan/html/all-study/images/courses/course_06.jpg]
[demos.codexcoder.com/labartisan/html/all-study/images/gallery/gallery_01.jpg]
[demos.codexcoder.com/labartisan/html/all-study/images/gallery/gallery_bg_01.jpg]
[demos.codexcoder.com/labartisan/html/all-study/images/gallery/gallery_02.jpg]
[demos.codexcoder.com/labartisan/html/all-study/images/gallery/gallery_bg_02.jpg]
[demos.codexcoder.com/labartisan/html/all-study/images/gallery/gallery_03.jpg]
[demos.codexcoder.com/labartisan/html/all-study/images/gallery/gallery_bg_03.jpg]
[demos.codexcoder.com/labartisan/html/all-study/images/gallery/gallery_04.jpg]
[demos.codexcoder.com/labartisan/html/all-study/images/gallery/gallery_bg_04.jpg]
[demos.codexcoder.com/labartisan/html/all-study/images/gallery/gallery_05.jpg]
[demos.codexcoder.com/labartisan/html/all-study/images/gallery/gallery_bg_05.jpg]
[demos.codexcoder.com/labartisan/html/all-study/images/gallery/gallery_06.jpg]
[demos.codexcoder.com/labartisan/html/all-study/images/gallery/gallery_bg_06.jpg]
[demos.codexcoder.com/labartisan/html/all-study/images/teachers/teacher_01.jpg]
[demos.codexcoder.com/labartisan/html/all-study/images/teachers/teacher_02.jpg]
[demos.codexcoder.com/labartisan/html/all-study/images/teachers/teacher_03.jpg]
[demos.codexcoder.com/labartisan/html/all-study/images/testimonial/testimonial_01.jpg]
[demos.codexcoder.com/labartisan/html/all-study/images/testimonial/testimonial_02.jpg]
[demos.codexcoder.com/labartisan/html/all-study/images/testimonial/testimonial_03.jpg]
[demos.codexcoder.com/labartisan/html/all-study/images/event/event_01.jpg]
[demos.codexcoder.com/labartisan/html/all-study/images/event/event_02.jpg]
[demos.codexcoder.com/labartisan/html/all-study/images/event/event_03.jpg]
[demos.codexcoder.com/labartisan/html/all-study/images/logo_02.png]
[demos.codexcoder.com/labartisan/html/all-study/images/blog/footer_post_01.jpg]
[demos.codexcoder.com/labartisan/html/all-study/images/blog/footer_post_02.jpg]
[demos.codexcoder.com/labartisan/html/all-study/images/blog/footer_post_03.jpg]
[demos.codexcoder.com/labartisan/html/all-study/images/sidebar/gallery_01.jpg]
[demos.codexcoder.com/labartisan/html/all-study/images/sidebar/gallery_02.jpg]
[demos.codexcoder.com/labartisan/html/all-study/images/sidebar/gallery_03.jpg]
[demos.codexcoder.com/labartisan/html/all-study/images/sidebar/gallery_04.jpg]
[demos.codexcoder.com/labartisan/html/all-study/images/sidebar/gallery_05.jpg]
[demos.codexcoder.com/labartisan/html/all-study/images/sidebar/gallery_06.jpg]
[demos.codexcoder.com/labartisan/html/all-study/images/sidebar/gallery_07.jpg]
[demos.codexcoder.com/labartisan/html/all-study/images/sidebar/gallery_08.jpg]
[demos.codexcoder.com/labartisan/html/all-study/images/sidebar/gallery_09.jpg]
[demos.codexcoder.com/labartisan/html/all-study/assets/js/jquery-1.12.4.min.js]
[demos.codexcoder.com/labartisan/html/all-study/assets/js/bootstrap.min.js]
[cdnjs.cloudflare.com/ajax/libs/waypoints/2.0.3/waypoints.min.js]
[demos.codexcoder.com/labartisan/html/all-study/assets/js/jquery.counterup.min.js]
[demos.codexcoder.com/labartisan/html/all-study/assets/js/isotope.min.js]
[demos.codexcoder.com/labartisan/html/all-study/assets/js/lightcase.js]
[demos.codexcoder.com/labartisan/html/all-study/assets/js/swiper.jquery.min.js]
[demos.codexcoder.com/labartisan/html/all-study/assets/js/circle-progress.min.js]
[demos.codexcoder.com/labartisan/html/all-study/assets/js/velocity.min.js]
[demos.codexcoder.com/labartisan/html/all-study/assets/js/quick-view.js]
[demos.codexcoder.com/labartisan/html/all-study/assets/js/jquery.nstSlider.js]
[demos.codexcoder.com/labartisan/html/all-study/assets/js/flexslider-min.js]
[demos.codexcoder.com/labartisan/html/all-study/assets/js/jquery.easing.min.js]
[demos.codexcoder.com/labartisan/html/all-study/assets/js/custom.js]
[demos.codexcoder.com/labartisan/html/all-study/index.html]
[demos.codexcoder.com/labartisan/html/all-study/assets/fonts/glyphicons-halflings-regular.eot]
[demos.codexcoder.com/labartisan/html/all-study/assets/fonts/glyphicons-halflings-regulard41d.eot]
[demos.codexcoder.com/labartisan/html/all-study/assets/fonts/glyphicons-halflings-regular.woff2]
[demos.codexcoder.com/labartisan/html/all-study/assets/fonts/glyphicons-halflings-regular.woff]
[demos.codexcoder.com/labartisan/html/all-study/assets/fonts/glyphicons-halflings-regular.ttf]
[demos.codexcoder.com/labartisan/html/all-study/assets/css/bootstrap.min.css]
[demos.codexcoder.com/labartisan/html/all-study/assets/fonts/fontawesome-webfont3e6e.eot]
[demos.codexcoder.com/labartisan/html/all-study/assets/fonts/fontawesome-webfontd41d.eot]
[demos.codexcoder.com/labartisan/html/all-study/assets/fonts/fontawesome-webfont3e6e.woff2]
[demos.codexcoder.com/labartisan/html/all-study/assets/fonts/fontawesome-webfont3e6e.woff]
[demos.codexcoder.com/labartisan/html/all-study/assets/fonts/fontawesome-webfont3e6e.ttf]
[demos.codexcoder.com/labartisan/html/all-study/assets/css/font-awesome.min.css]
[demos.codexcoder.com/labartisan/html/all-study/assets/flaticon/Flaticon.eot]
[demos.codexcoder.com/labartisan/html/all-study/assets/flaticon/Flaticond41d.eot]
[demos.codexcoder.com/labartisan/html/all-study/assets/flaticon/Flaticon.woff]
[demos.codexcoder.com/labartisan/html/all-study/assets/flaticon/Flaticon.ttf]
[demos.codexcoder.com/labartisan/html/all-study/assets/flaticon/flaticon.css]
[demos.codexcoder.com/labartisan/html/all-study/assets/fonts/lightcaseeead.eot]
[demos.codexcoder.com/labartisan/html/all-study/assets/fonts/lightcaseeead.woff]
[demos.codexcoder.com/labartisan/html/all-study/assets/fonts/lightcaseeead.ttf]
[demos.codexcoder.com/labartisan/html/all-study/assets/css/lightcase.css]
[demos.codexcoder.com/labartisan/html/all-study/assets/css/swiper.min.css]
[demos.codexcoder.com/labartisan/html/all-study/assets/css/quick-view.css]
[demos.codexcoder.com/labartisan/html/all-study/assets/css/jquery.nstSlider.css]
[demos.codexcoder.com/labartisan/html/all-study/assets/css/flexslider.css]
[demos.codexcoder.com/labartisan/html/all-study/images/banner/banner_1.01.jpg]
[demos.codexcoder.com/labartisan/html/all-study/images/banner/banner_1.02.jpg]
[demos.codexcoder.com/labartisan/html/all-study/images/banner/banner_1.03.jpg]
[demos.codexcoder.com/labartisan/html/all-study/images/banner/banner_2.01.jpg]
[demos.codexcoder.com/labartisan/html/all-study/images/banner/banner_2.02.jpg]
[demos.codexcoder.com/labartisan/html/all-study/images/banner/banner_2.03.jpg]
[demos.codexcoder.com/labartisan/html/all-study/images/banner/banner_3.jpg]
[demos.codexcoder.com/labartisan/html/all-study/images/banner/banner_4.01.jpg]
[demos.codexcoder.com/labartisan/html/all-study/images/banner/banner_4.02.jpg]
[demos.codexcoder.com/labartisan/html/all-study/images/banner/banner_4.03.jpg]
[demos.codexcoder.com/labartisan/html/all-study/images/banner/banner_5.01.jpg]
[demos.codexcoder.com/labartisan/html/all-study/images/banner/banner_5.02.jpg]
[demos.codexcoder.com/labartisan/html/all-study/images/banner/banner_5.03.jpg]
[demos.codexcoder.com/labartisan/html/all-study/images/banner/banner_6.jpg]
[demos.codexcoder.com/labartisan/html/all-study/images/banner/banner_7.01.jpg]
[demos.codexcoder.com/labartisan/html/all-study/images/banner/banner_7.02.jpg]
[demos.codexcoder.com/labartisan/html/all-study/images/banner/banner_7.03.jpg]
[demos.codexcoder.com/labartisan/html/all-study/images/banner/banner_8.jpg]
[demos.codexcoder.com/labartisan/html/all-study/images/banner/banner_9.01.jpg]
[demos.codexcoder.com/labartisan/html/all-study/images/banner/banner_9.02.jpg]
[demos.codexcoder.com/labartisan/html/all-study/images/banner/banner_9.03.jpg]
[demos.codexcoder.com/labartisan/html/all-study/images/background/page-header-bg.jpg]
[demos.codexcoder.com/labartisan/html/all-study/images/background/about-bg.jpg]
[demos.codexcoder.com/labartisan/html/all-study/images/about/menu-icon.jpg]
[demos.codexcoder.com/labartisan/html/all-study/images/background/teacher-bg.jpg]
[demos.codexcoder.com/labartisan/html/all-study/images/gallery/menu-icon.jpg]
[demos.codexcoder.com/labartisan/html/all-study/images/background/achievements-bg.jpg]
[demos.codexcoder.com/labartisan/html/all-study/images/background/testimonial-bg.jpg]
[demos.codexcoder.com/labartisan/html/all-study/images/background/blog-bg.jpg]
[demos.codexcoder.com/labartisan/html/all-study/assets/css/style.css]
[demos.codexcoder.com/labartisan/html/all-study/assets/css/responsive.css]
[demos.codexcoder.com/labartisan/html/all-study/images/gallery/gallery_07.jpg]
[demos.codexcoder.com/labartisan/html/all-study/images/gallery/gallery_bg_07.jpg]
[demos.codexcoder.com/labartisan/html/all-study/images/gallery/gallery_08.jpg]
[demos.codexcoder.com/labartisan/html/all-study/images/gallery/gallery_bg_08.jpg]
[demos.codexcoder.com/labartisan/html/all-study/images/blog/blog_01.jpg]
[demos.codexcoder.com/labartisan/html/all-study/images/blog/blog_02.jpg]
[demos.codexcoder.com/labartisan/html/all-study/images/blog/blog_03.jpg]
[demos.codexcoder.com/labartisan/html/all-study/index-2.html]
[demos.codexcoder.com/labartisan/html/all-study/images/partner/partner_1.01.png]
[demos.codexcoder.com/labartisan/html/all-study/images/partner/partner_1.02.png]
[demos.codexcoder.com/labartisan/html/all-study/images/partner/partner_1.03.png]
[demos.codexcoder.com/labartisan/html/all-study/images/partner/partner_1.04.png]
[demos.codexcoder.com/labartisan/html/all-study/images/partner/partner_1.05.png]
[demos.codexcoder.com/labartisan/html/all-study/images/partner/partner_2.01.png]
[demos.codexcoder.com/labartisan/html/all-study/images/partner/partner_2.02.png]
[demos.codexcoder.com/labartisan/html/all-study/images/partner/partner_2.03.png]
[demos.codexcoder.com/labartisan/html/all-study/images/partner/partner_2.04.png]
[demos.codexcoder.com/labartisan/html/all-study/images/partner/partner_2.05.png]
[demos.codexcoder.com/labartisan/html/all-study/index-3.html]
[demos.codexcoder.com/labartisan/html/all-study/images/about/about.jpg]
[demos.codexcoder.com/labartisan/html/all-study/index-4.html]
[demos.codexcoder.com/labartisan/html/all-study/images/about/about_03.png]
[demos.codexcoder.com/labartisan/html/all-study/images/classes/class_01.jpg]
[demos.codexcoder.com/labartisan/html/all-study/images/classes/class_02.jpg]
[demos.codexcoder.com/labartisan/html/all-study/images/classes/class_03.jpg]
[demos.codexcoder.com/labartisan/html/all-study/images/teachers/teacher_13.jpg]
[demos.codexcoder.com/labartisan/html/all-study/images/teachers/teacher_14.jpg]
[demos.codexcoder.com/labartisan/html/all-study/images/teachers/teacher_15.jpg]
[demos.codexcoder.com/labartisan/html/all-study/images/teachers/teacher_16.jpg]
[demos.codexcoder.com/labartisan/html/all-study/images/partner/partner_3.01.jpg]
[demos.codexcoder.com/labartisan/html/all-study/images/partner/partner_3.02.jpg]
[demos.codexcoder.com/labartisan/html/all-study/images/partner/partner_3.03.jpg]
[demos.codexcoder.com/labartisan/html/all-study/images/partner/partner_3.04.jpg]
[demos.codexcoder.com/labartisan/html/all-study/images/partner/partner_3.05.jpg]
[demos.codexcoder.com/labartisan/html/all-study/index-5.html]
[demos.codexcoder.com/labartisan/html/all-study/images/about/about_04.jpg]
[demos.codexcoder.com/labartisan/html/all-study/images/gallery/gallery_09.jpg]
[demos.codexcoder.com/labartisan/html/all-study/images/gallery/gallery_bg_09.jpg]
[demos.codexcoder.com/labartisan/html/all-study/images/gallery/gallery_10.jpg]
[demos.codexcoder.com/labartisan/html/all-study/images/gallery/gallery_bg_10.jpg]
[demos.codexcoder.com/labartisan/html/all-study/images/gallery/gallery_11.jpg]
[demos.codexcoder.com/labartisan/html/all-study/images/gallery/gallery_bg_11.jpg]
[demos.codexcoder.com/labartisan/html/all-study/index-6.html]
[demos.codexcoder.com/labartisan/html/all-study/images/courses/course_07.jpg]
[demos.codexcoder.com/labartisan/html/all-study/images/courses/course_08.jpg]
[demos.codexcoder.com/labartisan/html/all-study/images/courses/course_09.jpg]
[demos.codexcoder.com/labartisan/html/all-study/images/courses/course_10.jpg]
[demos.codexcoder.com/labartisan/html/all-study/images/courses/course_11.jpg]
[demos.codexcoder.com/labartisan/html/all-study/images/courses/course_12.jpg]
[demos.codexcoder.com/labartisan/html/all-study/images/courses/course_13.jpg]
[demos.codexcoder.com/labartisan/html/all-study/images/courses/course_14.jpg]
[demos.codexcoder.com/labartisan/html/all-study/images/courses/course_15.jpg]
[demos.codexcoder.com/labartisan/html/all-study/images/courses/course_16.jpg]
[demos.codexcoder.com/labartisan/html/all-study/images/courses/course_17.jpg]
[demos.codexcoder.com/labartisan/html/all-study/images/courses/course_18.jpg]
[demos.codexcoder.com/labartisan/html/all-study/index-7.html]
[demos.codexcoder.com/labartisan/html/all-study/images/product/home_product_01.jpg]
[demos.codexcoder.com/labartisan/html/all-study/images/product/home_product_02.jpg]
[demos.codexcoder.com/labartisan/html/all-study/images/product/home_product_03.jpg]
[demos.codexcoder.com/labartisan/html/all-study/images/product/home_product_04.jpg]
[demos.codexcoder.com/labartisan/html/all-study/index-8.html]
[demos.codexcoder.com/labartisan/html/all-study/index-9.html]
[demos.codexcoder.com/labartisan/html/all-study/images/courses/course_19.jpg]
[demos.codexcoder.com/labartisan/html/all-study/images/courses/course_20.jpg]
[demos.codexcoder.com/labartisan/html/all-study/images/courses/course_21.jpg]
[demos.codexcoder.com/labartisan/html/all-study/images/courses/course_22.jpg]
[demos.codexcoder.com/labartisan/html/all-study/images/courses/course_23.jpg]
[demos.codexcoder.com/labartisan/html/all-study/images/courses/course_24.jpg]
[demos.codexcoder.com/labartisan/html/all-study/courses.html]
[demos.codexcoder.com/labartisan/html/all-study/images/sidebar/post_image_01.jpg]
[demos.codexcoder.com/labartisan/html/all-study/images/sidebar/post_image_02.jpg]
[demos.codexcoder.com/labartisan/html/all-study/images/sidebar/post_image_03.jpg]
[demos.codexcoder.com/labartisan/html/all-study/images/sidebar/post_image_04.jpg]
[demos.codexcoder.com/labartisan/html/all-study/courses-2.html]
[demos.codexcoder.com/labartisan/html/all-study/courses-3.html]
[demos.codexcoder.com/labartisan/html/all-study/images/courses/course_single.jpg]
[demos.codexcoder.com/labartisan/html/all-study/images/courses/instructor.jpg]
[demos.codexcoder.com/labartisan/html/all-study/images/courses/review_01.jpg]
[demos.codexcoder.com/labartisan/html/all-study/images/courses/review_02.jpg]
[demos.codexcoder.com/labartisan/html/all-study/images/courses/review_03.jpg]
[demos.codexcoder.com/labartisan/html/all-study/images/courses/review_04.jpg]
[demos.codexcoder.com/labartisan/html/all-study/course-single.html]
[demos.codexcoder.com/labartisan/html/all-study/about.html]
[demos.codexcoder.com/labartisan/html/all-study/services.html]
[demos.codexcoder.com/labartisan/html/all-study/images/teachers/teacher_17.jpg]
[demos.codexcoder.com/labartisan/html/all-study/images/teachers/teacher_18.jpg]
[demos.codexcoder.com/labartisan/html/all-study/images/teachers/teacher_19.jpg]
[demos.codexcoder.com/labartisan/html/all-study/images/teachers/teacher_20.jpg]
[demos.codexcoder.com/labartisan/html/all-study/images/teachers/teacher_21.jpg]
[demos.codexcoder.com/labartisan/html/all-study/images/teachers/teacher_22.jpg]
[demos.codexcoder.com/labartisan/html/all-study/images/teachers/teacher_23.jpg]
[demos.codexcoder.com/labartisan/html/all-study/images/teachers/teacher_24.jpg]
[demos.codexcoder.com/labartisan/html/all-study/images/teachers/teacher_25.jpg]
[demos.codexcoder.com/labartisan/html/all-study/teacher.html]
[demos.codexcoder.com/labartisan/html/all-study/images/teachers/teacher_26.jpg]
[demos.codexcoder.com/labartisan/html/all-study/images/teachers/teacher_27.jpg]
[demos.codexcoder.com/labartisan/html/all-study/images/teachers/teacher_28.jpg]
[demos.codexcoder.com/labartisan/html/all-study/teacher-2.html]
[demos.codexcoder.com/labartisan/html/all-study/images/teachers/teacher-details.jpg]
[demos.codexcoder.com/labartisan/html/all-study/images/teachers/award_01.png]
[demos.codexcoder.com/labartisan/html/all-study/images/teachers/award_02.png]
[demos.codexcoder.com/labartisan/html/all-study/images/teachers/award_03.png]
[demos.codexcoder.com/labartisan/html/all-study/images/teachers/award_04.png]
[demos.codexcoder.com/labartisan/html/all-study/teacher-details.html]
[demos.codexcoder.com/labartisan/html/all-study/404.html]
[demos.codexcoder.com/labartisan/html/all-study/images/event/event_04.jpg]
[demos.codexcoder.com/labartisan/html/all-study/images/event/event_05.jpg]
[demos.codexcoder.com/labartisan/html/all-study/images/event/event_06.jpg]
[demos.codexcoder.com/labartisan/html/all-study/images/event/event_07.jpg]
[demos.codexcoder.com/labartisan/html/all-study/images/event/event_08.jpg]
[demos.codexcoder.com/labartisan/html/all-study/images/event/event_09.jpg]
[demos.codexcoder.com/labartisan/html/all-study/images/event/event_10.jpg]
[demos.codexcoder.com/labartisan/html/all-study/images/event/event_11.jpg]
[demos.codexcoder.com/labartisan/html/all-study/images/event/event_12.jpg]
[demos.codexcoder.com/labartisan/html/all-study/event.html]
[demos.codexcoder.com/labartisan/html/all-study/event-2.html]
[demos.codexcoder.com/labartisan/html/all-study/event-3.html]
[demos.codexcoder.com/labartisan/html/all-study/images/event/event_single.jpg]
[demos.codexcoder.com/labartisan/html/all-study/assets/js/coundown.js]
[demos.codexcoder.com/labartisan/html/all-study/event-single.html]
[demos.codexcoder.com/labartisan/html/all-study/images/gallery/gallery_12.jpg]
[demos.codexcoder.com/labartisan/html/all-study/images/gallery/gallery_bg_12.jpg]
[demos.codexcoder.com/labartisan/html/all-study/gallery.html]
[demos.codexcoder.com/labartisan/html/all-study/gallery-2.html]
[demos.codexcoder.com/labartisan/html/all-study/images/blog/blog_07.jpg]
[demos.codexcoder.com/labartisan/html/all-study/images/blog/blog_08.jpg]
[demos.codexcoder.com/labartisan/html/all-study/images/blog/blog_09.jpg]
[demos.codexcoder.com/labartisan/html/all-study/images/blog/blog_10.jpg]
[demos.codexcoder.com/labartisan/html/all-study/images/blog/blog_11.jpg]
[demos.codexcoder.com/labartisan/html/all-study/images/blog/blog_12.jpg]
[demos.codexcoder.com/labartisan/html/all-study/images/blog/blog_13.jpg]
[demos.codexcoder.com/labartisan/html/all-study/images/blog/blog_14.jpg]
[demos.codexcoder.com/labartisan/html/all-study/images/blog/blog_15.jpg]
[demos.codexcoder.com/labartisan/html/all-study/blog.html]
[demos.codexcoder.com/labartisan/html/all-study/blog-2.html]
[demos.codexcoder.com/labartisan/html/all-study/images/blog/blog_16.jpg]
[demos.codexcoder.com/labartisan/html/all-study/images/blog/blog_17.jpg]
[demos.codexcoder.com/labartisan/html/all-study/images/blog/blog_18.jpg]
[demos.codexcoder.com/labartisan/html/all-study/images/blog/blog_19.jpg]
[demos.codexcoder.com/labartisan/html/all-study/images/blog/blog_20.jpg]
[demos.codexcoder.com/labartisan/html/all-study/images/blog/blog_21.jpg]
[demos.codexcoder.com/labartisan/html/all-study/images/blog/blog_22.jpg]
[demos.codexcoder.com/labartisan/html/all-study/images/blog/blog_23.jpg]
[demos.codexcoder.com/labartisan/html/all-study/blog-3.html]
[demos.codexcoder.com/labartisan/html/all-study/images/blog/post_01.jpg]
[demos.codexcoder.com/labartisan/html/all-study/images/blog/post_02.jpg]
[demos.codexcoder.com/labartisan/html/all-study/images/blog/post_03.jpg]
[demos.codexcoder.com/labartisan/html/all-study/images/blog/post_04.jpg]
[demos.codexcoder.com/labartisan/html/all-study/blog-4.html]
[demos.codexcoder.com/labartisan/html/all-study/images/blog/user_01.jpg]
[demos.codexcoder.com/labartisan/html/all-study/images/blog/user_02.jpg]
[demos.codexcoder.com/labartisan/html/all-study/images/blog/user_03.jpg]
[demos.codexcoder.com/labartisan/html/all-study/single.html]
[demos.codexcoder.com/labartisan/html/all-study/images/product/product_01.jpg]
[demos.codexcoder.com/labartisan/html/all-study/images/product/product_02.jpg]
[demos.codexcoder.com/labartisan/html/all-study/images/product/product_03.jpg]
[demos.codexcoder.com/labartisan/html/all-study/images/product/product_04.jpg]
[demos.codexcoder.com/labartisan/html/all-study/images/product/product_05.jpg]
[demos.codexcoder.com/labartisan/html/all-study/images/product/product_06.jpg]
[demos.codexcoder.com/labartisan/html/all-study/images/product/product_07.jpg]
[demos.codexcoder.com/labartisan/html/all-study/images/product/product_08.jpg]
[demos.codexcoder.com/labartisan/html/all-study/images/product/product_09.jpg]
[demos.codexcoder.com/labartisan/html/all-study/images/product/product_10.jpg]
[demos.codexcoder.com/labartisan/html/all-study/images/product/product_11.jpg]
[demos.codexcoder.com/labartisan/html/all-study/images/product/product_12.jpg]
[demos.codexcoder.com/labartisan/html/all-study/images/product/recent_product_01.jpg]
[demos.codexcoder.com/labartisan/html/all-study/images/product/recent_product_02.jpg]
[demos.codexcoder.com/labartisan/html/all-study/images/product/recent_product_03.jpg]
[demos.codexcoder.com/labartisan/html/all-study/images/product/recent_product_04.jpg]
[demos.codexcoder.com/labartisan/html/all-study/images/product/rel_product_01.jpg]
[demos.codexcoder.com/labartisan/html/all-study/images/product/rel_product_02.jpg]
[demos.codexcoder.com/labartisan/html/all-study/images/product/rel_product_03.jpg]
[demos.codexcoder.com/labartisan/html/all-study/images/product/rel_product_04.jpg]
[demos.codexcoder.com/labartisan/html/all-study/product.html]
[demos.codexcoder.com/labartisan/html/all-study/images/product/slider_bg_01.jpg]
[demos.codexcoder.com/labartisan/html/all-study/images/product/slider_bg_02.jpg]
[demos.codexcoder.com/labartisan/html/all-study/images/product/slider_bg_03.jpg]
[demos.codexcoder.com/labartisan/html/all-study/images/product/slider_bg_04.jpg]
[demos.codexcoder.com/labartisan/html/all-study/images/product/slider_bg_05.jpg]
[demos.codexcoder.com/labartisan/html/all-study/images/product/slider_bg_06.jpg]
[demos.codexcoder.com/labartisan/html/all-study/images/product/slider_sm_01.jpg]
[demos.codexcoder.com/labartisan/html/all-study/images/product/slider_sm_02.jpg]
[demos.codexcoder.com/labartisan/html/all-study/images/product/slider_sm_03.jpg]
[demos.codexcoder.com/labartisan/html/all-study/images/product/slider_sm_04.jpg]
[demos.codexcoder.com/labartisan/html/all-study/images/product/slider_sm_05.jpg]
[demos.codexcoder.com/labartisan/html/all-study/images/product/slider_sm_06.jpg]
[demos.codexcoder.com/labartisan/html/all-study/images/product/review_01.jpg]
[demos.codexcoder.com/labartisan/html/all-study/images/product/review_02.jpg]
[demos.codexcoder.com/labartisan/html/all-study/images/product/review_03.jpg]
[demos.codexcoder.com/labartisan/html/all-study/images/product/review_04.jpg]
[demos.codexcoder.com/labartisan/html/all-study/product-details.html]
[demos.codexcoder.com/labartisan/html/all-study/images/product/cart_01.jpg]
[demos.codexcoder.com/labartisan/html/all-study/images/product/cart_02.jpg]
[demos.codexcoder.com/labartisan/html/all-study/images/product/cart_03.jpg]
[demos.codexcoder.com/labartisan/html/all-study/images/product/cart_04.jpg]
[demos.codexcoder.com/labartisan/html/all-study/images/product/cart_05.jpg]
[demos.codexcoder.com/labartisan/html/all-study/shop-cart.html]
[demos.codexcoder.com/labartisan/html/all-study/contact.html]
[demos.codexcoder.com/labartisan/html/all-study/teacher-profile.html]
[demos.codexcoder.com/labartisan/html/all-study/assets/fonts/glyphicons-halflings-regular.svg]
[demos.codexcoder.com/labartisan/html/all-study/assets/fonts/fontawesome-webfont3e6e.svg]
[demos.codexcoder.com/labartisan/html/all-study/assets/flaticon/Flaticon.svg]
[demos.codexcoder.com/labartisan/html/all-study/assets/fonts/lightcaseeead.svg]
[demos.codexcoder.com/labartisan/html/all-study/assets/css/fonts/flexslider-icon.html]
[demos.codexcoder.com/labartisan/html/all-study/assets/css/fonts/flexslider-icond41d.html]
[demos.codexcoder.com/labartisan/html/all-study/assets/css/fonts/flexslider-icon-2.html]
[demos.codexcoder.com/labartisan/html/all-study/assets/css/fonts/flexslider-icon-3.html]
[demos.codexcoder.com/labartisan/html/all-study/assets/css/fonts/flexslider-icon-4.html]
[demos.codexcoder.com/labartisan/html/all-study/class-single.html]
[demos.codexcoder.com/labartisan/html/all-study/classes.html]
[demos.codexcoder.com/labartisan/html/all-study/shop-page.html]
